{
  "MyModule": {
    "host": "my-module-host"
  },
  "AnotherModule": {
    "VALUE": "VALUE",
    "path": "three:four"
  }
}
