 {
  "a": {
    "a1": 4,
    "a2": 4,
    "a3": 11
  },
  "b": {
    "b1": 13,
    "b2": 40,
    "b3": 65
  },
  "c": {
    "c1": 103,
    "c2": 400,
    "c3": 605
  }
}
