{
  "AnotherModule": {
    "parm2yml": "value2yml",
    "parm2": "value2",
    "parm7": "value7",
    "parm5": "value5",
    "parm6": "value6",
    "parm1": "value1",
    "parm8": "value8",
    "parm4": "value4",
    "parmCS": "cson",
    "parm3": "value3"
  },
  "Customers": {
    "dbPort": 5999,
    "dbName": "override_from_runtime_json",
    "emptySub": null,
    "dbPassword": "ABC",
    "dbPassword2": "XYZ",
    "lang": [
      "en",
      "es"
    ],
    "dbHost": "base",
    "dbString": "from_default_js:this_is_overridden",
    "altDbPort": 4400,
    "altDbPort1": 2209
  },
  "key with spaces": {
    "another_key": "hello"
  },
  "replacement": {
    "root": "foo",
    "param": "foobar"
  },
  "section": {
    "param": "something"
  },
  "staticArray": [
    2,
    1,
    3
  ],
  "Inline": {
    "a": "",
    "b": "1"
  },
  "ContainsQuote": "\"this has a quote\"",
  "MoreComplexQuote": "<a href=\"http://localhost:3000/offers/reply?id={{system.contact.value}}\">Test String</a>",
  "TestModule": {
    "parm1": "value1",
    "parm3": 1234
  },
  "EnvOverride": {
    "parm_number_1": "from_default_js",
    "parm2": 22
  },
  "MuteThis": "hello",
  "customerDbPort": "this_is_overridden",
  "This": {
    "Is": "coffee"
  },
  "Local-3": {
    "ext": "ini"
  },
  "Single": "A VAR",
  "Combined": "COMBINED VAR 1/2:COMBINED VAR 2/2",
  "watchThisValue": 10788,
  "dynamicArray": [
    99287,
    72082
  ]
}
